// Jest Snapshot v1, https://goo.gl/fbAQLP

exports[`404 renders correctly 1`] = `
<div
  css={
    Object {
      "map": undefined,
      "name": "12xy27n",
      "next": undefined,
      "styles": "
          display:flex;
          flex-direction:column;
          height:100%;
          min-height:100vh;
        ",
    }
  }
>
  <div
    css={
      Object {
        "map": undefined,
        "name": "73vj80",
        "next": undefined,
        "styles": "
            flex:1;
            header {
              border-bottom: solid 1px;
              padding: 3.24rem;
            }
            main {
              padding: 3.24rem;
            }
          ",
      }
    }
  >
    <header>
      <h1>
        Page not found
      </h1>
    </header>
    <main>
      <p>
        You might find what you're looking for at 
        <a
          href="/"
        >
          the index page
        </a>
        .
      </p>
    </main>
  </div>
  <footer
    dangerouslySetInnerHTML={
      Object {
        "__html": "
		<a rel=\\"license\\" href=\\"//creativecommons.org/licenses/by-sa/4.0/\\"><img alt=\\"Creative Commons Licence\\" style=\\"border-width:0\\" src=\\"//i.creativecommons.org/l/by-sa/4.0/88x31.png\\" /></a><br />
		<span xmlns:dct=\\"http://purl.org/dc/terms/\\" property=\\"dct:title\\">DavidSabine/gatsby-starter</span> by <a xmlns:cc=\\"http://creativecommons.org/ns#\\" href=\\"//davesabine.com\\" property=\\"cc:attributionName\\" rel=\\"cc:attributionURL\\">David Sabine</a> is licensed under a <a rel=\\"license\\" href=\\"//creativecommons.org/licenses/by-sa/4.0/\\">Creative Commons Attribution-ShareAlike 4.0 International License</a>.<br />
		Based on a work at <a xmlns:dct=\\"http://purl.org/dc/terms/\\" href=\\"//github.com/DavidSabine/gatsby-starter\\" rel=\\"dct:source\\">github.com/DavidSabine/gatsby-starter</a>.
	",
      }
    }
  />
</div>
`;
