// Jest Snapshot v1, https://goo.gl/fbAQLP

exports[`AppDescription renders correctly -- according to react-test-renderer 1`] = `
<section>
  <p
    data-testid="app-description"
  >
    This is a Gatsbyjs starter that ships with boilerplate Gatsby and a small collection of plugins to start a PWA with Google Analytics, Tag Manager, Manifest, SEO tools, Stripe for product listings and checkout, plus the basic TDD/automated-test tools preferred by the Gatsby core contributors: Jest & Cypress.
  </p>
  <p>
    A demo of this starter can be found at 
    <a
      href="//gatsby-starter.davesabine.com"
    >
      gatsby-starter.davesabine.com
    </a>
     and the full source code is at 
    <a
      href="//github.com/scrum-works/gatsby-starter"
    >
      github.com/scrum-works/gatsby-starter
    </a>
    .
  </p>
</section>
`;
