// Jest Snapshot v1, https://goo.gl/fbAQLP

exports[`renders correctly with react-test-renderer 1`] = `
<div>
  <h4>
    Spend your Money!
  </h4>
  <p>
    Use any email, 4242 4242 4242 4242 as the credit card nmumber, any 3 digit number, and any future date of expiration.
  </p>
  <button
    data-testid="checkout-button"
    disabled={false}
    onClick={[Function]}
  >
    BUY NOW
  </button>
  
</div>
`;
